2025-12-31T10:08:26.8922800Z Current runner version: '2.330.0'
2025-12-31T10:08:26.8945115Z ##[group]Runner Image Provisioner
2025-12-31T10:08:26.8945967Z Hosted Compute Agent
2025-12-31T10:08:26.8946495Z Version: 20251211.462
2025-12-31T10:08:26.8947260Z Commit: 6cbad8c2bb55d58165063d031ccabf57e2d2db61
2025-12-31T10:08:26.8947972Z Build Date: 2025-12-11T16:28:49Z
2025-12-31T10:08:26.8949014Z Worker ID: {7fad1d49-4d07-43be-a85c-a8b0a13ee11f}
2025-12-31T10:08:26.8949998Z ##[endgroup]
2025-12-31T10:08:26.8950540Z ##[group]Operating System
2025-12-31T10:08:26.8951148Z Ubuntu
2025-12-31T10:08:26.8951641Z 24.04.3
2025-12-31T10:08:26.8952101Z LTS
2025-12-31T10:08:26.8952596Z ##[endgroup]
2025-12-31T10:08:26.8953123Z ##[group]Runner Image
2025-12-31T10:08:26.8953679Z Image: ubuntu-24.04
2025-12-31T10:08:26.8954189Z Version: 20251215.174.1
2025-12-31T10:08:26.8955248Z Included Software: https://github.com/actions/runner-images/blob/ubuntu24/20251215.174/images/ubuntu/Ubuntu2404-Readme.md
2025-12-31T10:08:26.8956904Z Image Release: https://github.com/actions/runner-images/releases/tag/ubuntu24%2F20251215.174
2025-12-31T10:08:26.8957910Z ##[endgroup]
2025-12-31T10:08:26.8959060Z ##[group]GITHUB_TOKEN Permissions
2025-12-31T10:08:26.8961144Z Contents: read
2025-12-31T10:08:26.8961760Z Metadata: read
2025-12-31T10:08:26.8962399Z PullRequests: write
2025-12-31T10:08:26.8962945Z ##[endgroup]
2025-12-31T10:08:26.8965217Z Secret source: Actions
2025-12-31T10:08:26.8966338Z Prepare workflow directory
2025-12-31T10:08:26.9341502Z Prepare all required actions
2025-12-31T10:08:26.9386268Z Getting action download info
2025-12-31T10:08:27.4009856Z Download action repository 'actions/checkout@v4' (SHA:34e114876b0b11c390a56381ad16ebd13914f8d5)
2025-12-31T10:08:27.4914689Z Download action repository 'actions/setup-node@v4' (SHA:49933ea5288caeca8642d1e84afbd3f7d6820020)
2025-12-31T10:08:27.5800807Z Download action repository 'pnpm/action-setup@v2' (SHA:eae0cfeb286e66ffb5155f1a79b90583a127a68b)
2025-12-31T10:08:28.3009032Z Complete job name: 6.3. Build & Deploy Frontend (form-viewer)
2025-12-31T10:08:28.3673845Z ##[group]Run echo "RELEASE_TAG=v1.2.67" >> $GITHUB_ENV
2025-12-31T10:08:28.3674694Z [36;1mecho "RELEASE_TAG=v1.2.67" >> $GITHUB_ENV[0m
2025-12-31T10:08:28.3675630Z [36;1mecho "RELEASE_COMMIT=d83a910f6328d2d58eef994a3aa7e971b32e60b9" >> $GITHUB_ENV[0m
2025-12-31T10:08:28.3676512Z [36;1mecho "📦 Deploying tag: v1.2.67"[0m
2025-12-31T10:08:28.3713229Z shell: /usr/bin/bash -e {0}
2025-12-31T10:08:28.3714063Z env:
2025-12-31T10:08:28.3714506Z   TERRAFORM_VERSION: 1.6.0
2025-12-31T10:08:28.3715313Z   CLOUDFLARE_TERRAFORM_DIR: dculus-forms/infrastructure/multi-cloud/terraform/cloudflare
2025-12-31T10:08:28.3716638Z   CLOUDFLARE_SERVICE_TERRAFORM_DIR: dculus-forms/infrastructure/multi-cloud/terraform/cloudflare-service-domain
2025-12-31T10:08:28.3718048Z   CLOUDFLARE_PAGES_TERRAFORM_DIR: dculus-forms/infrastructure/multi-cloud/terraform/cloudflare-pages
2025-12-31T10:08:28.3719663Z   CLOUDFLARE_PAGES_ADMIN_TERRAFORM_DIR: dculus-forms/infrastructure/multi-cloud/terraform/cloudflare-pages-admin
2025-12-31T10:08:28.3721176Z   CLOUDFLARE_PAGES_VIEWER_TERRAFORM_DIR: dculus-forms/infrastructure/multi-cloud/terraform/cloudflare-pages-viewer
2025-12-31T10:08:28.3722438Z   AZURE_TERRAFORM_DIR: dculus-forms/infrastructure/multi-cloud/terraform/azure
2025-12-31T10:08:28.3723470Z   MONGODB_TERRAFORM_DIR: dculus-forms/infrastructure/multi-cloud/terraform/mongodb
2025-12-31T10:08:28.3724590Z   POSTGRES_TERRAFORM_DIR: dculus-forms/infrastructure/multi-cloud/terraform/azure-postgres
2025-12-31T10:08:28.3725439Z ##[endgroup]
2025-12-31T10:08:28.3845575Z 📦 Deploying tag: v1.2.67
2025-12-31T10:08:28.4023602Z ##[group]Run actions/checkout@v4
2025-12-31T10:08:28.4024217Z with:
2025-12-31T10:08:28.4024697Z   ref: d83a910f6328d2d58eef994a3aa7e971b32e60b9
2025-12-31T10:08:28.4025299Z   path: source
2025-12-31T10:08:28.4025769Z   repository: dculussoftwares/dculus-forms
2025-12-31T10:08:28.4026520Z   token: ***
2025-12-31T10:08:28.4026947Z   ssh-strict: true
2025-12-31T10:08:28.4027382Z   ssh-user: git
2025-12-31T10:08:28.4028073Z   persist-credentials: true
2025-12-31T10:08:28.4028572Z   clean: true
2025-12-31T10:08:28.4029029Z   sparse-checkout-cone-mode: true
2025-12-31T10:08:28.4029809Z   fetch-depth: 1
2025-12-31T10:08:28.4030273Z   fetch-tags: false
2025-12-31T10:08:28.4030728Z   show-progress: true
2025-12-31T10:08:28.4031179Z   lfs: false
2025-12-31T10:08:28.4031712Z   submodules: false
2025-12-31T10:08:28.4032162Z   set-safe-directory: true
2025-12-31T10:08:28.4032647Z env:
2025-12-31T10:08:28.4033052Z   TERRAFORM_VERSION: 1.6.0
2025-12-31T10:08:28.4033874Z   CLOUDFLARE_TERRAFORM_DIR: dculus-forms/infrastructure/multi-cloud/terraform/cloudflare
2025-12-31T10:08:28.4035193Z   CLOUDFLARE_SERVICE_TERRAFORM_DIR: dculus-forms/infrastructure/multi-cloud/terraform/cloudflare-service-domain
2025-12-31T10:08:28.4036613Z   CLOUDFLARE_PAGES_TERRAFORM_DIR: dculus-forms/infrastructure/multi-cloud/terraform/cloudflare-pages
2025-12-31T10:08:28.4038029Z   CLOUDFLARE_PAGES_ADMIN_TERRAFORM_DIR: dculus-forms/infrastructure/multi-cloud/terraform/cloudflare-pages-admin
2025-12-31T10:08:28.4039662Z   CLOUDFLARE_PAGES_VIEWER_TERRAFORM_DIR: dculus-forms/infrastructure/multi-cloud/terraform/cloudflare-pages-viewer
2025-12-31T10:08:28.4040917Z   AZURE_TERRAFORM_DIR: dculus-forms/infrastructure/multi-cloud/terraform/azure
2025-12-31T10:08:28.4041958Z   MONGODB_TERRAFORM_DIR: dculus-forms/infrastructure/multi-cloud/terraform/mongodb
2025-12-31T10:08:28.4043079Z   POSTGRES_TERRAFORM_DIR: dculus-forms/infrastructure/multi-cloud/terraform/azure-postgres
2025-12-31T10:08:28.4043944Z   RELEASE_TAG: v1.2.67
2025-12-31T10:08:28.4044516Z   RELEASE_COMMIT: d83a910f6328d2d58eef994a3aa7e971b32e60b9
2025-12-31T10:08:28.4045141Z ##[endgroup]
2025-12-31T10:08:28.5087977Z Syncing repository: dculussoftwares/dculus-forms
2025-12-31T10:08:28.5090470Z ##[group]Getting Git version info
2025-12-31T10:08:28.5091482Z Working directory is '/home/runner/work/dculus-forms/dculus-forms/source'
2025-12-31T10:08:28.5092841Z [command]/usr/bin/git version
2025-12-31T10:08:28.5172152Z git version 2.52.0
2025-12-31T10:08:28.5199414Z ##[endgroup]
2025-12-31T10:08:28.5213618Z Temporarily overriding HOME='/home/runner/work/_temp/e300940c-3042-42ef-a95f-19b799632a84' before making global git config changes
2025-12-31T10:08:28.5216674Z Adding repository directory to the temporary git global config as a safe directory
2025-12-31T10:08:28.5227523Z [command]/usr/bin/git config --global --add safe.directory /home/runner/work/dculus-forms/dculus-forms/source
2025-12-31T10:08:28.5264474Z ##[group]Initializing the repository
2025-12-31T10:08:28.5270419Z [command]/usr/bin/git init /home/runner/work/dculus-forms/dculus-forms/source
2025-12-31T10:08:28.5377146Z hint: Using 'master' as the name for the initial branch. This default branch name
2025-12-31T10:08:28.5379101Z hint: will change to "main" in Git 3.0. To configure the initial branch name
2025-12-31T10:08:28.5381206Z hint: to use in all of your new repositories, which will suppress this warning,
2025-12-31T10:08:28.5382299Z hint: call:
2025-12-31T10:08:28.5382837Z hint:
2025-12-31T10:08:28.5383562Z hint: 	git config --global init.defaultBranch <name>
2025-12-31T10:08:28.5384290Z hint:
2025-12-31T10:08:28.5385045Z hint: Names commonly chosen instead of 'master' are 'main', 'trunk' and
2025-12-31T10:08:28.5386530Z hint: 'development'. The just-created branch can be renamed via this command:
2025-12-31T10:08:28.5387427Z hint:
2025-12-31T10:08:28.5387944Z hint: 	git branch -m <name>
2025-12-31T10:08:28.5388637Z hint:
2025-12-31T10:08:28.5390030Z hint: Disable this message with "git config set advice.defaultBranchName false"
2025-12-31T10:08:28.5391919Z Initialized empty Git repository in /home/runner/work/dculus-forms/dculus-forms/source/.git/
2025-12-31T10:08:28.5394214Z [command]/usr/bin/git remote add origin https://github.com/dculussoftwares/dculus-forms
2025-12-31T10:08:28.5426435Z ##[endgroup]
2025-12-31T10:08:28.5427543Z ##[group]Disabling automatic garbage collection
2025-12-31T10:08:28.5430556Z [command]/usr/bin/git config --local gc.auto 0
2025-12-31T10:08:28.5458430Z ##[endgroup]
2025-12-31T10:08:28.5459670Z ##[group]Setting up auth
2025-12-31T10:08:28.5464004Z [command]/usr/bin/git config --local --name-only --get-regexp core\.sshCommand
2025-12-31T10:08:28.5492528Z [command]/usr/bin/git submodule foreach --recursive sh -c "git config --local --name-only --get-regexp 'core\.sshCommand' && git config --local --unset-all 'core.sshCommand' || :"
2025-12-31T10:08:28.5870106Z [command]/usr/bin/git config --local --name-only --get-regexp http\.https\:\/\/github\.com\/\.extraheader
2025-12-31T10:08:28.5901362Z [command]/usr/bin/git submodule foreach --recursive sh -c "git config --local --name-only --get-regexp 'http\.https\:\/\/github\.com\/\.extraheader' && git config --local --unset-all 'http.https://github.com/.extraheader' || :"
2025-12-31T10:08:28.6117694Z [command]/usr/bin/git config --local --name-only --get-regexp ^includeIf\.gitdir:
2025-12-31T10:08:28.6153686Z [command]/usr/bin/git submodule foreach --recursive git config --local --show-origin --name-only --get-regexp remote.origin.url
2025-12-31T10:08:28.6372522Z [command]/usr/bin/git config --local http.https://github.com/.extraheader AUTHORIZATION: basic ***
2025-12-31T10:08:28.6411805Z ##[endgroup]
2025-12-31T10:08:28.6413011Z ##[group]Fetching the repository
2025-12-31T10:08:28.6419442Z [command]/usr/bin/git -c protocol.version=2 fetch --no-tags --prune --no-recurse-submodules --depth=1 origin d83a910f6328d2d58eef994a3aa7e971b32e60b9
2025-12-31T10:08:29.3640986Z From https://github.com/dculussoftwares/dculus-forms
2025-12-31T10:08:29.3642224Z  * branch            d83a910f6328d2d58eef994a3aa7e971b32e60b9 -> FETCH_HEAD
2025-12-31T10:08:29.3667262Z ##[endgroup]
2025-12-31T10:08:29.3668283Z ##[group]Determining the checkout info
2025-12-31T10:08:29.3669854Z ##[endgroup]
2025-12-31T10:08:29.3674391Z [command]/usr/bin/git sparse-checkout disable
2025-12-31T10:08:29.3713267Z [command]/usr/bin/git config --local --unset-all extensions.worktreeConfig
2025-12-31T10:08:29.3737709Z ##[group]Checking out the ref
2025-12-31T10:08:29.3741437Z [command]/usr/bin/git checkout --progress --force d83a910f6328d2d58eef994a3aa7e971b32e60b9
2025-12-31T10:08:29.4462892Z Note: switching to 'd83a910f6328d2d58eef994a3aa7e971b32e60b9'.
2025-12-31T10:08:29.4464024Z 
2025-12-31T10:08:29.4464666Z You are in 'detached HEAD' state. You can look around, make experimental
2025-12-31T10:08:29.4466239Z changes and commit them, and you can discard any commits you make in this
2025-12-31T10:08:29.4467886Z state without impacting any branches by switching back to a branch.
2025-12-31T10:08:29.4468848Z 
2025-12-31T10:08:29.4469386Z If you want to create a new branch to retain commits you create, you may
2025-12-31T10:08:29.4470575Z do so (now or later) by using -c with the switch command. Example:
2025-12-31T10:08:29.4471151Z 
2025-12-31T10:08:29.4471495Z   git switch -c <new-branch-name>
2025-12-31T10:08:29.4471947Z 
2025-12-31T10:08:29.4472215Z Or undo this operation with:
2025-12-31T10:08:29.4472599Z 
2025-12-31T10:08:29.4472876Z   git switch -
2025-12-31T10:08:29.4473187Z 
2025-12-31T10:08:29.4473969Z Turn off this advice by setting config variable advice.detachedHead to false
2025-12-31T10:08:29.4474851Z 
2025-12-31T10:08:29.4475680Z HEAD is now at d83a910 refactor: Configure production environments to use clean, unsuffixed domains for Cloudflare Pages and service endpoints.
2025-12-31T10:08:29.4478349Z ##[endgroup]
2025-12-31T10:08:29.4510956Z [command]/usr/bin/git log -1 --format=%H
2025-12-31T10:08:29.4533381Z d83a910f6328d2d58eef994a3aa7e971b32e60b9
2025-12-31T10:08:29.4788781Z ##[group]Run actions/setup-node@v4
2025-12-31T10:08:29.4789353Z with:
2025-12-31T10:08:29.4789888Z   node-version: 20
2025-12-31T10:08:29.4790329Z   always-auth: false
2025-12-31T10:08:29.4790773Z   check-latest: false
2025-12-31T10:08:29.4791369Z   token: ***
2025-12-31T10:08:29.4791760Z env:
2025-12-31T10:08:29.4792153Z   TERRAFORM_VERSION: 1.6.0
2025-12-31T10:08:29.4792910Z   CLOUDFLARE_TERRAFORM_DIR: dculus-forms/infrastructure/multi-cloud/terraform/cloudflare
2025-12-31T10:08:29.4794333Z   CLOUDFLARE_SERVICE_TERRAFORM_DIR: dculus-forms/infrastructure/multi-cloud/terraform/cloudflare-service-domain
2025-12-31T10:08:29.4795623Z   CLOUDFLARE_PAGES_TERRAFORM_DIR: dculus-forms/infrastructure/multi-cloud/terraform/cloudflare-pages
2025-12-31T10:08:29.4796947Z   CLOUDFLARE_PAGES_ADMIN_TERRAFORM_DIR: dculus-forms/infrastructure/multi-cloud/terraform/cloudflare-pages-admin
2025-12-31T10:08:29.4798372Z   CLOUDFLARE_PAGES_VIEWER_TERRAFORM_DIR: dculus-forms/infrastructure/multi-cloud/terraform/cloudflare-pages-viewer
2025-12-31T10:08:29.4799647Z   AZURE_TERRAFORM_DIR: dculus-forms/infrastructure/multi-cloud/terraform/azure
2025-12-31T10:08:29.4800615Z   MONGODB_TERRAFORM_DIR: dculus-forms/infrastructure/multi-cloud/terraform/mongodb
2025-12-31T10:08:29.4801662Z   POSTGRES_TERRAFORM_DIR: dculus-forms/infrastructure/multi-cloud/terraform/azure-postgres
2025-12-31T10:08:29.4802471Z   RELEASE_TAG: v1.2.67
2025-12-31T10:08:29.4803029Z   RELEASE_COMMIT: d83a910f6328d2d58eef994a3aa7e971b32e60b9
2025-12-31T10:08:29.4803636Z ##[endgroup]
2025-12-31T10:08:29.6534761Z Found in cache @ /opt/hostedtoolcache/node/20.19.6/x64
2025-12-31T10:08:29.6541599Z ##[group]Environment details
2025-12-31T10:08:30.0035646Z node: v20.19.6
2025-12-31T10:08:30.0036764Z npm: 10.8.2
2025-12-31T10:08:30.0037696Z yarn: 1.22.22
2025-12-31T10:08:30.0039152Z ##[endgroup]
2025-12-31T10:08:30.0210654Z ##[group]Run pnpm/action-setup@v2
2025-12-31T10:08:30.0211843Z with:
2025-12-31T10:08:30.0212663Z   version: 8
2025-12-31T10:08:30.0213540Z   dest: ~/setup-pnpm
2025-12-31T10:08:30.0214495Z   run_install: null
2025-12-31T10:08:30.0215473Z   package_json_file: package.json
2025-12-31T10:08:30.0216617Z   standalone: false
2025-12-31T10:08:30.0217528Z env:
2025-12-31T10:08:30.0218357Z   TERRAFORM_VERSION: 1.6.0
2025-12-31T10:08:30.0220339Z   CLOUDFLARE_TERRAFORM_DIR: dculus-forms/infrastructure/multi-cloud/terraform/cloudflare
2025-12-31T10:08:30.0223522Z   CLOUDFLARE_SERVICE_TERRAFORM_DIR: dculus-forms/infrastructure/multi-cloud/terraform/cloudflare-service-domain
2025-12-31T10:08:30.0226911Z   CLOUDFLARE_PAGES_TERRAFORM_DIR: dculus-forms/infrastructure/multi-cloud/terraform/cloudflare-pages
2025-12-31T10:08:30.0230704Z   CLOUDFLARE_PAGES_ADMIN_TERRAFORM_DIR: dculus-forms/infrastructure/multi-cloud/terraform/cloudflare-pages-admin
2025-12-31T10:08:30.0234332Z   CLOUDFLARE_PAGES_VIEWER_TERRAFORM_DIR: dculus-forms/infrastructure/multi-cloud/terraform/cloudflare-pages-viewer
2025-12-31T10:08:30.0237277Z   AZURE_TERRAFORM_DIR: dculus-forms/infrastructure/multi-cloud/terraform/azure
2025-12-31T10:08:30.0239792Z   MONGODB_TERRAFORM_DIR: dculus-forms/infrastructure/multi-cloud/terraform/mongodb
2025-12-31T10:08:30.0242355Z   POSTGRES_TERRAFORM_DIR: dculus-forms/infrastructure/multi-cloud/terraform/azure-postgres
2025-12-31T10:08:30.0244352Z   RELEASE_TAG: v1.2.67
2025-12-31T10:08:30.0245573Z   RELEASE_COMMIT: d83a910f6328d2d58eef994a3aa7e971b32e60b9
2025-12-31T10:08:30.0246988Z ##[endgroup]
2025-12-31T10:08:30.1145355Z ##[group]Running self-installer...
2025-12-31T10:08:30.6373321Z Progress: resolved 1, reused 0, downloaded 0, added 0
2025-12-31T10:08:30.6458973Z Packages: +1
2025-12-31T10:08:30.6460208Z +
2025-12-31T10:08:31.2520790Z Packages are hard linked from the content-addressable store to the virtual store.
2025-12-31T10:08:31.2525315Z   Content-addressable store is at: /home/runner/.local/share/pnpm/store/v3
2025-12-31T10:08:31.2528507Z   Virtual store is at:             node_modules/.pnpm
2025-12-31T10:08:31.2733391Z 
2025-12-31T10:08:31.2734263Z dependencies:
2025-12-31T10:08:31.2736044Z + pnpm 8.15.9 (10.27.0 is available)
2025-12-31T10:08:31.2737290Z 
2025-12-31T10:08:31.2773230Z Done in 996ms
2025-12-31T10:08:31.6402756Z Progress: resolved 1, reused 0, downloaded 1, added 1, done
2025-12-31T10:08:31.6555016Z ##[endgroup]
2025-12-31T10:08:31.6558980Z Installation Completed!
2025-12-31T10:08:31.6648063Z ##[group]Run echo "📦 Installing dependencies..."
2025-12-31T10:08:31.6648532Z [36;1mecho "📦 Installing dependencies..."[0m
2025-12-31T10:08:31.6649114Z [36;1mpnpm install --frozen-lockfile[0m
2025-12-31T10:08:31.6649457Z [36;1mecho "✅ Dependencies installed"[0m
2025-12-31T10:08:31.6694080Z shell: /usr/bin/bash -e {0}
2025-12-31T10:08:31.6694371Z env:
2025-12-31T10:08:31.6694624Z   TERRAFORM_VERSION: 1.6.0
2025-12-31T10:08:31.6695072Z   CLOUDFLARE_TERRAFORM_DIR: dculus-forms/infrastructure/multi-cloud/terraform/cloudflare
2025-12-31T10:08:31.6695783Z   CLOUDFLARE_SERVICE_TERRAFORM_DIR: dculus-forms/infrastructure/multi-cloud/terraform/cloudflare-service-domain
2025-12-31T10:08:31.6696555Z   CLOUDFLARE_PAGES_TERRAFORM_DIR: dculus-forms/infrastructure/multi-cloud/terraform/cloudflare-pages
2025-12-31T10:08:31.6697305Z   CLOUDFLARE_PAGES_ADMIN_TERRAFORM_DIR: dculus-forms/infrastructure/multi-cloud/terraform/cloudflare-pages-admin
2025-12-31T10:08:31.6698119Z   CLOUDFLARE_PAGES_VIEWER_TERRAFORM_DIR: dculus-forms/infrastructure/multi-cloud/terraform/cloudflare-pages-viewer
2025-12-31T10:08:31.6698777Z   AZURE_TERRAFORM_DIR: dculus-forms/infrastructure/multi-cloud/terraform/azure
2025-12-31T10:08:31.6699320Z   MONGODB_TERRAFORM_DIR: dculus-forms/infrastructure/multi-cloud/terraform/mongodb
2025-12-31T10:08:31.6700178Z   POSTGRES_TERRAFORM_DIR: dculus-forms/infrastructure/multi-cloud/terraform/azure-postgres
2025-12-31T10:08:31.6700649Z   RELEASE_TAG: v1.2.67
2025-12-31T10:08:31.6700962Z   RELEASE_COMMIT: d83a910f6328d2d58eef994a3aa7e971b32e60b9
2025-12-31T10:08:31.6701359Z   PNPM_HOME: /home/runner/setup-pnpm/node_modules/.bin
2025-12-31T10:08:31.6701705Z ##[endgroup]
2025-12-31T10:08:31.6758735Z 📦 Installing dependencies...
2025-12-31T10:08:32.1501882Z Scope: all 8 workspace projects
2025-12-31T10:08:32.3090231Z Lockfile is up to date, resolution step is skipped
2025-12-31T10:08:32.4803059Z Progress: resolved 1, reused 0, downloaded 0, added 0
2025-12-31T10:08:32.8035416Z Packages: +1862
2025-12-31T10:08:32.8037435Z ++++++++++++++++++++++++++++++++++++++++++++++++++++++++++++++++++++++++++++++++
2025-12-31T10:08:33.4820682Z Progress: resolved 1862, reused 0, downloaded 58, added 45
2025-12-31T10:08:34.4862452Z Progress: resolved 1862, reused 0, downloaded 246, added 244
2025-12-31T10:08:35.4863292Z Progress: resolved 1862, reused 0, downloaded 408, added 405
2025-12-31T10:08:36.4903150Z Progress: resolved 1862, reused 0, downloaded 789, added 802
2025-12-31T10:08:37.4904599Z Progress: resolved 1862, reused 0, downloaded 1038, added 1059
2025-12-31T10:08:38.4921332Z Progress: resolved 1862, reused 0, downloaded 1294, added 1314
2025-12-31T10:08:39.4917727Z Progress: resolved 1862, reused 0, downloaded 1461, added 1475
2025-12-31T10:08:40.4929943Z Progress: resolved 1862, reused 0, downloaded 1652, added 1669
2025-12-31T10:08:41.4180854Z Progress: resolved 1862, reused 0, downloaded 1836, added 1862, done
2025-12-31T10:08:42.0847271Z .../node_modules/mongodb-memory-server postinstall$ node ./postinstall.js
2025-12-31T10:08:42.0851015Z .../node_modules/@prisma/engines postinstall$ node scripts/postinstall.js
2025-12-31T10:08:42.1107294Z .../node_modules/@prisma/engines postinstall$ node scripts/postinstall.js
2025-12-31T10:08:42.1258866Z .../node_modules/better-sqlite3 install$ prebuild-install || node-gyp rebuild --release
2025-12-31T10:08:42.1415894Z .../node_modules/@apollo/protobufjs postinstall$ node scripts/postinstall
2025-12-31T10:08:42.2251903Z .../node_modules/@apollo/protobufjs postinstall: Done
2025-12-31T10:08:42.2780790Z .../node_modules/mongodb-memory-server postinstall: Mongodb-Memory-Server* checking MongoDB binaries
2025-12-31T10:08:42.3026482Z .../@sentry-internal/node-cpu-profiler install$ node scripts/check-build.js
2025-12-31T10:08:42.3942179Z .../@sentry-internal/node-cpu-profiler install: @sentry/profiling-node: Precompiled binary found, attempting to load /home/runner/work/dculus-forms/dculus-forms/source/node_modules/.pnpm/@sentry-internal+node-cpu-profiler@2.2.0/node_modules/@sentry-internal/node-cpu-profiler/lib/sentry_cpu_profiler-linux-x64-glibc-115.node
2025-12-31T10:08:42.4063175Z .../@sentry-internal/node-cpu-profiler install: @sentry/profiling-node: Precompiled binary found, skipping build from source.
2025-12-31T10:08:42.4127737Z .../@sentry-internal/node-cpu-profiler install: Done
2025-12-31T10:08:42.5472172Z .../node_modules/mongodb-memory-server postinstall: Downloading MongoDB "7.0.24": 0% (0mb / 81.8mb)
2025-12-31T10:08:42.7285576Z .../node_modules/better-sqlite3 install: Done
2025-12-31T10:08:43.2077189Z .../node_modules/@prisma/engines postinstall: Done
2025-12-31T10:08:43.2875050Z .../node_modules/mongodb-memory-server postinstall: Downloading MongoDB "7.0.24": 100% (81.8mb / 81.8mb)
2025-12-31T10:08:43.3496096Z .../node_modules/@prisma/engines postinstall: Done
2025-12-31T10:08:43.4510816Z .../node_modules/mongodb-memory-server postinstall: Downloading MongoDB "7.0.24": 100% (0mb / 0mb)
2025-12-31T10:08:45.0626790Z .../node_modules/mongodb-memory-server postinstall: Mongodb-Memory-Server* found binary: "/home/runner/work/dculus-forms/dculus-forms/source/node_modules/.cache/mongodb-memory-server/mongod-x64-ubuntu-7.0.24"
2025-12-31T10:08:45.0699209Z .../node_modules/mongodb-memory-server postinstall: Done
2025-12-31T10:08:45.0874239Z .../esbuild@0.21.5/node_modules/esbuild postinstall$ node install.js
2025-12-31T10:08:45.0876184Z .../esbuild@0.25.9/node_modules/esbuild postinstall$ node install.js
2025-12-31T10:08:45.1120889Z .../prisma@5.22.0/node_modules/prisma preinstall$ node scripts/preinstall-entry.js
2025-12-31T10:08:45.1124755Z .../node_modules/prisma preinstall$ node scripts/preinstall-entry.js
2025-12-31T10:08:45.1550827Z .../esbuild@0.21.5/node_modules/esbuild postinstall: Done
2025-12-31T10:08:45.1617617Z .../esbuild@0.25.9/node_modules/esbuild postinstall: Done
2025-12-31T10:08:45.1781132Z .../prisma@5.22.0/node_modules/prisma preinstall: Done
2025-12-31T10:08:45.2037754Z .../node_modules/prisma preinstall: Done
2025-12-31T10:08:45.3739387Z .../node_modules/@prisma/client postinstall$ node scripts/postinstall.js
2025-12-31T10:08:45.3872976Z .../node_modules/@prisma/client postinstall$ node scripts/postinstall.js
2025-12-31T10:08:45.9288073Z .../node_modules/@prisma/client postinstall: prisma:warn We could not find your Prisma schema in the default locations (see: https://pris.ly/d/prisma-schema-location).
2025-12-31T10:08:45.9302940Z .../node_modules/@prisma/client postinstall: If you have a Prisma schema file in a custom path, you will need to run
2025-12-31T10:08:45.9305916Z .../node_modules/@prisma/client postinstall: `prisma generate --schema=./path/to/your/schema.prisma` to generate Prisma Client.
2025-12-31T10:08:45.9309227Z .../node_modules/@prisma/client postinstall: If you do not have a Prisma schema file yet, you can ignore this message.
2025-12-31T10:08:45.9451791Z .../node_modules/@prisma/client postinstall: Done
2025-12-31T10:08:48.0929898Z .../node_modules/@prisma/client postinstall: prisma:warn We could not find your Prisma schema in the default locations (see: https://pris.ly/d/prisma-schema-location).
2025-12-31T10:08:48.0938237Z .../node_modules/@prisma/client postinstall: If you have a Prisma schema file in a custom path, you will need to run
2025-12-31T10:08:48.0940732Z .../node_modules/@prisma/client postinstall: `prisma generate --schema=./path/to/your/schema.prisma` to generate Prisma Client.
2025-12-31T10:08:48.0942559Z .../node_modules/@prisma/client postinstall: If you do not have a Prisma schema file yet, you can ignore this message.
2025-12-31T10:08:48.1148254Z .../node_modules/@prisma/client postinstall: Done
2025-12-31T10:08:48.6523083Z 
2025-12-31T10:08:48.6524239Z dependencies:
2025-12-31T10:08:48.6526105Z + @maxmind/geoip2-node 6.1.0
2025-12-31T10:08:48.6526567Z + @radix-ui/react-label 2.1.7
2025-12-31T10:08:48.6527015Z + @radix-ui/react-select 2.2.5
2025-12-31T10:08:48.6527402Z + @radix-ui/react-slot 1.2.3
2025-12-31T10:08:48.6527900Z + @tanstack/react-table 8.21.3
2025-12-31T10:08:48.6528691Z + class-variance-authority 0.7.1
2025-12-31T10:08:48.6529150Z + clsx 2.1.1
2025-12-31T10:08:48.6529724Z + country-list 2.4.1
2025-12-31T10:08:48.6530389Z + graphql-request 7.2.0
2025-12-31T10:08:48.6530785Z + lucide-react 0.534.0
2025-12-31T10:08:48.6531117Z + nanoid 5.1.5
2025-12-31T10:08:48.6531372Z + tailwind-merge 3.3.1
2025-12-31T10:08:48.6531614Z + ua-parser-js 1.0.41
2025-12-31T10:08:48.6531754Z 
2025-12-31T10:08:48.6531846Z devDependencies:
2025-12-31T10:08:48.6532085Z + @cucumber/cucumber 12.2.0
2025-12-31T10:08:48.6532466Z + @istanbuljs/nyc-config-typescript 1.0.2
2025-12-31T10:08:48.6532931Z + @playwright/test 1.55.0
2025-12-31T10:08:48.6533181Z + @prisma/client 6.13.0
2025-12-31T10:08:48.6533413Z + @types/country-list 2.1.4
2025-12-31T10:08:48.6533646Z + @types/express 4.17.23
2025-12-31T10:08:48.6533868Z + @types/form-data 2.5.2
2025-12-31T10:08:48.6534079Z + @types/jest 29.5.14
2025-12-31T10:08:48.6534300Z + @types/mailparser 3.4.6
2025-12-31T10:08:48.6534519Z + @types/node 20.19.9
2025-12-31T10:08:48.6534735Z + @types/smtp-server 3.5.12
2025-12-31T10:08:48.6534965Z + @types/supertest 6.0.3
2025-12-31T10:08:48.6535195Z + @types/ua-parser-js 0.7.39
2025-12-31T10:08:48.6535508Z + @typescript-eslint/eslint-plugin 8.43.0
2025-12-31T10:08:48.6535837Z + @typescript-eslint/parser 8.43.0
2025-12-31T10:08:48.6536071Z + axios 1.11.0
2025-12-31T10:08:48.6536251Z + c8 10.1.3
2025-12-31T10:08:48.6536511Z + cross-env 10.0.0
2025-12-31T10:08:48.6536722Z + dotenv 17.2.1
2025-12-31T10:08:48.6536980Z + eslint 8.57.1
2025-12-31T10:08:48.6537305Z + form-data 4.0.4
2025-12-31T10:08:48.6537633Z + jest 29.7.0
2025-12-31T10:08:48.6537959Z + mailparser 3.9.0
2025-12-31T10:08:48.6538297Z + mongodb-memory-server 10.3.0
2025-12-31T10:08:48.6538661Z + playwright 1.55.0
2025-12-31T10:08:48.6538948Z + prettier 3.6.2
2025-12-31T10:08:48.6539200Z + smtp-server 3.16.1
2025-12-31T10:08:48.6539679Z + source-map-support 0.5.21
2025-12-31T10:08:48.6540107Z + supertest 6.3.4
2025-12-31T10:08:48.6540448Z + ts-jest 29.4.1
2025-12-31T10:08:48.6540728Z + ts-node 10.9.2
2025-12-31T10:08:48.6541062Z + typescript 5.8.3
2025-12-31T10:08:48.6541452Z + ws 8.18.3
2025-12-31T10:08:48.6541763Z + yjs 13.6.27
2025-12-31T10:08:48.6541948Z 
2025-12-31T10:08:48.8509388Z Done in 17.1s
2025-12-31T10:08:48.9080873Z ✅ Dependencies installed
2025-12-31T10:08:48.9108946Z ##[group]Run echo "🔨 Building shared packages..."
2025-12-31T10:08:48.9109342Z [36;1mecho "🔨 Building shared packages..."[0m
2025-12-31T10:08:48.9110024Z [36;1mpnpm --filter @dculus/types build[0m
2025-12-31T10:08:48.9110316Z [36;1mpnpm --filter @dculus/utils build[0m
2025-12-31T10:08:48.9110582Z [36;1mpnpm --filter @dculus/ui build[0m
2025-12-31T10:08:48.9110846Z [36;1mecho "✅ Shared packages built"[0m
2025-12-31T10:08:48.9143802Z shell: /usr/bin/bash -e {0}
2025-12-31T10:08:48.9144034Z env:
2025-12-31T10:08:48.9144208Z   TERRAFORM_VERSION: 1.6.0
2025-12-31T10:08:48.9144588Z   CLOUDFLARE_TERRAFORM_DIR: dculus-forms/infrastructure/multi-cloud/terraform/cloudflare
2025-12-31T10:08:48.9145234Z   CLOUDFLARE_SERVICE_TERRAFORM_DIR: dculus-forms/infrastructure/multi-cloud/terraform/cloudflare-service-domain
2025-12-31T10:08:48.9145952Z   CLOUDFLARE_PAGES_TERRAFORM_DIR: dculus-forms/infrastructure/multi-cloud/terraform/cloudflare-pages
2025-12-31T10:08:48.9146652Z   CLOUDFLARE_PAGES_ADMIN_TERRAFORM_DIR: dculus-forms/infrastructure/multi-cloud/terraform/cloudflare-pages-admin
2025-12-31T10:08:48.9147378Z   CLOUDFLARE_PAGES_VIEWER_TERRAFORM_DIR: dculus-forms/infrastructure/multi-cloud/terraform/cloudflare-pages-viewer
2025-12-31T10:08:48.9147973Z   AZURE_TERRAFORM_DIR: dculus-forms/infrastructure/multi-cloud/terraform/azure
2025-12-31T10:08:48.9148441Z   MONGODB_TERRAFORM_DIR: dculus-forms/infrastructure/multi-cloud/terraform/mongodb
2025-12-31T10:08:48.9148988Z   POSTGRES_TERRAFORM_DIR: dculus-forms/infrastructure/multi-cloud/terraform/azure-postgres
2025-12-31T10:08:48.9149399Z   RELEASE_TAG: v1.2.67
2025-12-31T10:08:48.9149910Z   RELEASE_COMMIT: d83a910f6328d2d58eef994a3aa7e971b32e60b9
2025-12-31T10:08:48.9150245Z   PNPM_HOME: /home/runner/setup-pnpm/node_modules/.bin
2025-12-31T10:08:48.9150519Z ##[endgroup]
2025-12-31T10:08:48.9203337Z 🔨 Building shared packages...
2025-12-31T10:08:49.3599664Z 
2025-12-31T10:08:49.3600715Z > @dculus/types@1.0.0 build /home/runner/work/dculus-forms/dculus-forms/source/packages/types
2025-12-31T10:08:49.3601532Z > tsc
2025-12-31T10:08:49.3601720Z 
2025-12-31T10:08:51.3498141Z 
2025-12-31T10:08:51.3499198Z > @dculus/utils@0.1.0 build /home/runner/work/dculus-forms/dculus-forms/source/packages/utils
2025-12-31T10:08:51.3500211Z > tsc
2025-12-31T10:08:51.3500418Z 
2025-12-31T10:08:53.1141195Z 
2025-12-31T10:08:53.1142200Z > @dculus/ui@0.1.0 build /home/runner/work/dculus-forms/dculus-forms/source/packages/ui
2025-12-31T10:08:53.1142974Z > tsc
2025-12-31T10:08:53.1143175Z 
2025-12-31T10:08:59.9292970Z ✅ Shared packages built
2025-12-31T10:08:59.9330565Z ##[group]Run echo "🔨 Building form-viewer for environment: production"
2025-12-31T10:08:59.9331083Z [36;1mecho "🔨 Building form-viewer for environment: production"[0m
2025-12-31T10:08:59.9331446Z [36;1mecho "Backend URL: $VITE_API_URL"[0m
2025-12-31T10:08:59.9331750Z [36;1mecho "GraphQL URL: $VITE_GRAPHQL_URL"[0m
2025-12-31T10:08:59.9332042Z [36;1mecho "CDN Endpoint: $VITE_CDN_ENDPOINT"[0m
2025-12-31T10:08:59.9332296Z [36;1m[0m
2025-12-31T10:08:59.9332495Z [36;1mpnpm --filter form-viewer build[0m
2025-12-31T10:08:59.9332750Z [36;1m[0m
2025-12-31T10:08:59.9332954Z [36;1mecho "✅ form-viewer build completed"[0m
2025-12-31T10:08:59.9333227Z [36;1mls -la apps/form-viewer/dist/[0m
2025-12-31T10:08:59.9365585Z shell: /usr/bin/bash -e {0}
2025-12-31T10:08:59.9365813Z env:
2025-12-31T10:08:59.9365992Z   TERRAFORM_VERSION: 1.6.0
2025-12-31T10:08:59.9366376Z   CLOUDFLARE_TERRAFORM_DIR: dculus-forms/infrastructure/multi-cloud/terraform/cloudflare
2025-12-31T10:08:59.9367062Z   CLOUDFLARE_SERVICE_TERRAFORM_DIR: dculus-forms/infrastructure/multi-cloud/terraform/cloudflare-service-domain
2025-12-31T10:08:59.9367752Z   CLOUDFLARE_PAGES_TERRAFORM_DIR: dculus-forms/infrastructure/multi-cloud/terraform/cloudflare-pages
2025-12-31T10:08:59.9368439Z   CLOUDFLARE_PAGES_ADMIN_TERRAFORM_DIR: dculus-forms/infrastructure/multi-cloud/terraform/cloudflare-pages-admin
2025-12-31T10:08:59.9369155Z   CLOUDFLARE_PAGES_VIEWER_TERRAFORM_DIR: dculus-forms/infrastructure/multi-cloud/terraform/cloudflare-pages-viewer
2025-12-31T10:08:59.9369928Z   AZURE_TERRAFORM_DIR: dculus-forms/infrastructure/multi-cloud/terraform/azure
2025-12-31T10:08:59.9370422Z   MONGODB_TERRAFORM_DIR: dculus-forms/infrastructure/multi-cloud/terraform/mongodb
2025-12-31T10:08:59.9370968Z   POSTGRES_TERRAFORM_DIR: dculus-forms/infrastructure/multi-cloud/terraform/azure-postgres
2025-12-31T10:08:59.9371381Z   RELEASE_TAG: v1.2.67
2025-12-31T10:08:59.9371650Z   RELEASE_COMMIT: d83a910f6328d2d58eef994a3aa7e971b32e60b9
2025-12-31T10:08:59.9371993Z   PNPM_HOME: /home/runner/setup-pnpm/node_modules/.bin
2025-12-31T10:08:59.9372351Z   VITE_GRAPHQL_URL: https://form-services.dculus.com/graphql
2025-12-31T10:08:59.9372708Z   VITE_API_URL: https://form-services.dculus.com
2025-12-31T10:08:59.9373069Z   VITE_CDN_ENDPOINT: https://public-cdn-production.dculus.com
2025-12-31T10:08:59.9373384Z ##[endgroup]
2025-12-31T10:08:59.9424875Z 🔨 Building form-viewer for environment: production
2025-12-31T10:08:59.9425369Z Backend URL: https://form-services.dculus.com
2025-12-31T10:08:59.9426124Z GraphQL URL: https://form-services.dculus.com/graphql
2025-12-31T10:08:59.9426891Z CDN Endpoint: https://public-cdn-production.dculus.com
2025-12-31T10:09:00.3782442Z 
2025-12-31T10:09:00.3783341Z > form-viewer@0.0.0 build /home/runner/work/dculus-forms/dculus-forms/source/apps/form-viewer
2025-12-31T10:09:00.3783854Z > tsc -b && vite build
2025-12-31T10:09:00.3784000Z 
2025-12-31T10:09:03.9530623Z [36mvite v7.0.6 [32mbuilding for production...[36m[39m
2025-12-31T10:09:04.2648444Z transforming...
2025-12-31T10:09:10.7274064Z [32m✓[39m 3919 modules transformed.
2025-12-31T10:09:11.4551002Z rendering chunks...
2025-12-31T10:09:11.4676899Z computing gzip size...
2025-12-31T10:09:11.5016339Z [2mdist/[22m[32mindex.html                 [39m[1m[2m    0.85 kB[22m[1m[22m[2m │ gzip:   0.42 kB[22m
2025-12-31T10:09:11.5018240Z [2mdist/[22m[2massets/[22m[35mindex-BMShQSaH.css  [39m[1m[2m   79.49 kB[22m[1m[22m[2m │ gzip:  12.77 kB[22m
2025-12-31T10:09:11.5019876Z [2mdist/[22m[2massets/[22m[36mindex-lMMaTn6t.js   [39m[1m[33m1,208.06 kB[39m[22m[2m │ gzip: 351.40 kB[22m
2025-12-31T10:09:11.5021863Z [33m
2025-12-31T10:09:11.5023345Z (!) Some chunks are larger than 500 kB after minification. Consider:
2025-12-31T10:09:11.5024138Z - Using dynamic import() to code-split the application
2025-12-31T10:09:11.5025504Z - Use build.rollupOptions.output.manualChunks to improve chunking: https://rollupjs.org/configuration-options/#output-manualchunks
2025-12-31T10:09:11.5027345Z - Adjust chunk size limit for this warning via build.chunkSizeWarningLimit.[39m
2025-12-31T10:09:11.5030090Z [32m✓ built in 7.53s[39m
2025-12-31T10:09:11.5893668Z ✅ form-viewer build completed
2025-12-31T10:09:11.5910837Z total 16
2025-12-31T10:09:11.5911418Z drwxr-xr-x 3 runner runner 4096 Dec 31 10:09 .
2025-12-31T10:09:11.5913968Z drwxr-xr-x 5 runner runner 4096 Dec 31 10:09 ..
2025-12-31T10:09:11.5915116Z drwxr-xr-x 2 runner runner 4096 Dec 31 10:09 assets
2025-12-31T10:09:11.5915796Z -rw-r--r-- 1 runner runner  846 Dec 31 10:09 index.html
2025-12-31T10:09:11.5979343Z ##[group]Run npm install -g wrangler
2025-12-31T10:09:11.5980073Z [36;1mnpm install -g wrangler[0m
2025-12-31T10:09:11.6027422Z shell: /usr/bin/bash -e {0}
2025-12-31T10:09:11.6027829Z env:
2025-12-31T10:09:11.6028122Z   TERRAFORM_VERSION: 1.6.0
2025-12-31T10:09:11.6028799Z   CLOUDFLARE_TERRAFORM_DIR: dculus-forms/infrastructure/multi-cloud/terraform/cloudflare
2025-12-31T10:09:11.6030198Z   CLOUDFLARE_SERVICE_TERRAFORM_DIR: dculus-forms/infrastructure/multi-cloud/terraform/cloudflare-service-domain
2025-12-31T10:09:11.6031492Z   CLOUDFLARE_PAGES_TERRAFORM_DIR: dculus-forms/infrastructure/multi-cloud/terraform/cloudflare-pages
2025-12-31T10:09:11.6032754Z   CLOUDFLARE_PAGES_ADMIN_TERRAFORM_DIR: dculus-forms/infrastructure/multi-cloud/terraform/cloudflare-pages-admin
2025-12-31T10:09:11.6034089Z   CLOUDFLARE_PAGES_VIEWER_TERRAFORM_DIR: dculus-forms/infrastructure/multi-cloud/terraform/cloudflare-pages-viewer
2025-12-31T10:09:11.6035225Z   AZURE_TERRAFORM_DIR: dculus-forms/infrastructure/multi-cloud/terraform/azure
2025-12-31T10:09:11.6036131Z   MONGODB_TERRAFORM_DIR: dculus-forms/infrastructure/multi-cloud/terraform/mongodb
2025-12-31T10:09:11.6037113Z   POSTGRES_TERRAFORM_DIR: dculus-forms/infrastructure/multi-cloud/terraform/azure-postgres
2025-12-31T10:09:11.6037864Z   RELEASE_TAG: v1.2.67
2025-12-31T10:09:11.6038324Z   RELEASE_COMMIT: d83a910f6328d2d58eef994a3aa7e971b32e60b9
2025-12-31T10:09:11.6038938Z   PNPM_HOME: /home/runner/setup-pnpm/node_modules/.bin
2025-12-31T10:09:11.6039433Z ##[endgroup]
2025-12-31T10:09:17.1925273Z 
2025-12-31T10:09:17.1925787Z added 47 packages in 6s
2025-12-31T10:09:17.1926133Z 
2025-12-31T10:09:17.1926425Z 9 packages are looking for funding
2025-12-31T10:09:17.1926962Z   run `npm fund` for details
2025-12-31T10:09:17.2143460Z ##[group]Run echo "🚀 Deploying to Cloudflare Pages..."
2025-12-31T10:09:17.2143880Z [36;1mecho "🚀 Deploying to Cloudflare Pages..."[0m
2025-12-31T10:09:17.2144206Z [36;1mecho "Project: viewer-app-production"[0m
2025-12-31T10:09:17.2144470Z [36;1m[0m
2025-12-31T10:09:17.2144696Z [36;1mwrangler pages deploy apps/form-viewer/dist \[0m
2025-12-31T10:09:17.2145028Z [36;1m  --project-name=viewer-app-production \[0m
2025-12-31T10:09:17.2145307Z [36;1m  --branch=main \[0m
2025-12-31T10:09:17.2145547Z [36;1m  --commit-hash=${RELEASE_COMMIT} \[0m
2025-12-31T10:09:17.2145897Z [36;1m  --commit-message="Deploy release ${RELEASE_TAG} to production"[0m
2025-12-31T10:09:17.2146226Z [36;1m[0m
2025-12-31T10:09:17.2146416Z [36;1mecho "✅ Deployment completed"[0m
2025-12-31T10:09:17.2178720Z shell: /usr/bin/bash -e {0}
2025-12-31T10:09:17.2178954Z env:
2025-12-31T10:09:17.2179147Z   TERRAFORM_VERSION: 1.6.0
2025-12-31T10:09:17.2179736Z   CLOUDFLARE_TERRAFORM_DIR: dculus-forms/infrastructure/multi-cloud/terraform/cloudflare
2025-12-31T10:09:17.2180570Z   CLOUDFLARE_SERVICE_TERRAFORM_DIR: dculus-forms/infrastructure/multi-cloud/terraform/cloudflare-service-domain
2025-12-31T10:09:17.2181250Z   CLOUDFLARE_PAGES_TERRAFORM_DIR: dculus-forms/infrastructure/multi-cloud/terraform/cloudflare-pages
2025-12-31T10:09:17.2181926Z   CLOUDFLARE_PAGES_ADMIN_TERRAFORM_DIR: dculus-forms/infrastructure/multi-cloud/terraform/cloudflare-pages-admin
2025-12-31T10:09:17.2182636Z   CLOUDFLARE_PAGES_VIEWER_TERRAFORM_DIR: dculus-forms/infrastructure/multi-cloud/terraform/cloudflare-pages-viewer
2025-12-31T10:09:17.2183230Z   AZURE_TERRAFORM_DIR: dculus-forms/infrastructure/multi-cloud/terraform/azure
2025-12-31T10:09:17.2183712Z   MONGODB_TERRAFORM_DIR: dculus-forms/infrastructure/multi-cloud/terraform/mongodb
2025-12-31T10:09:17.2184231Z   POSTGRES_TERRAFORM_DIR: dculus-forms/infrastructure/multi-cloud/terraform/azure-postgres
2025-12-31T10:09:17.2184635Z   RELEASE_TAG: v1.2.67
2025-12-31T10:09:17.2184918Z   RELEASE_COMMIT: d83a910f6328d2d58eef994a3aa7e971b32e60b9
2025-12-31T10:09:17.2185266Z   PNPM_HOME: /home/runner/setup-pnpm/node_modules/.bin
2025-12-31T10:09:17.2186277Z   CLOUDFLARE_API_TOKEN: ***
2025-12-31T10:09:17.2186585Z   CLOUDFLARE_ACCOUNT_ID: ***
2025-12-31T10:09:17.2186811Z ##[endgroup]
2025-12-31T10:09:17.2240525Z 🚀 Deploying to Cloudflare Pages...
2025-12-31T10:09:17.2241122Z Project: viewer-app-production
2025-12-31T10:09:18.1170607Z 
2025-12-31T10:09:18.1171374Z  ⛅️ wrangler 4.54.0
2025-12-31T10:09:18.1171736Z ───────────────────
2025-12-31T10:09:19.3638466Z Uploading... (1/3)
2025-12-31T10:09:19.8832116Z Uploading... (2/3)
2025-12-31T10:09:21.0574330Z Uploading... (3/3)
2025-12-31T10:09:21.0575814Z ✨ Success! Uploaded 2 files (1 already uploaded) (1.94 sec)
2025-12-31T10:09:21.0576242Z 
2025-12-31T10:09:22.3814375Z 🌎 Deploying...
2025-12-31T10:09:25.9234849Z ✨ Deployment complete! Take a peek over at https://e6ab6372.viewer-app-production.pages.dev
2025-12-31T10:09:25.9762152Z ✅ Deployment completed
2025-12-31T10:09:25.9801004Z ##[group]Run echo "🔄 Purging Cloudflare cache for immediate visibility..."
2025-12-31T10:09:25.9801917Z [36;1mecho "🔄 Purging Cloudflare cache for immediate visibility..."[0m
2025-12-31T10:09:25.9802569Z [36;1m[0m
2025-12-31T10:09:25.9803343Z [36;1mPURGE_RESPONSE=$(curl -X POST "https://api.cloudflare.com/client/v4/zones/${CLOUDFLARE_ZONE_ID}/purge_cache" \[0m
2025-12-31T10:09:25.9804575Z [36;1m  -H "Authorization: ***" \[0m
2025-12-31T10:09:25.9805050Z [36;1m  -H "Content-Type: application/json" \[0m
2025-12-31T10:09:25.9805569Z [36;1m  --data '{"purge_everything":true}' \[0m
2025-12-31T10:09:25.9806042Z [36;1m  --silent \[0m
2025-12-31T10:09:25.9806407Z [36;1m  --show-error)[0m
2025-12-31T10:09:25.9806759Z [36;1m[0m
2025-12-31T10:09:25.9807214Z [36;1mif echo "$PURGE_RESPONSE" | grep -q '"success":true'; then[0m
2025-12-31T10:09:25.9807837Z [36;1m  echo "✅ Cache purged successfully"[0m
2025-12-31T10:09:25.9808594Z [36;1m  echo "💡 Changes should be visible immediately without CDN cache delays"[0m
2025-12-31T10:09:25.9809209Z [36;1melse[0m
2025-12-31T10:09:25.9810210Z [36;1m  echo "⚠️ Cache purge may have failed, but deployment was successful"[0m
2025-12-31T10:09:25.9810893Z [36;1m  echo "Response: $PURGE_RESPONSE"[0m
2025-12-31T10:09:25.9811352Z [36;1mfi[0m
2025-12-31T10:09:25.9858532Z shell: /usr/bin/bash -e {0}
2025-12-31T10:09:25.9858919Z env:
2025-12-31T10:09:25.9859232Z   TERRAFORM_VERSION: 1.6.0
2025-12-31T10:09:25.9860108Z   CLOUDFLARE_TERRAFORM_DIR: dculus-forms/infrastructure/multi-cloud/terraform/cloudflare
2025-12-31T10:09:25.9861280Z   CLOUDFLARE_SERVICE_TERRAFORM_DIR: dculus-forms/infrastructure/multi-cloud/terraform/cloudflare-service-domain
2025-12-31T10:09:25.9862555Z   CLOUDFLARE_PAGES_TERRAFORM_DIR: dculus-forms/infrastructure/multi-cloud/terraform/cloudflare-pages
2025-12-31T10:09:25.9863784Z   CLOUDFLARE_PAGES_ADMIN_TERRAFORM_DIR: dculus-forms/infrastructure/multi-cloud/terraform/cloudflare-pages-admin
2025-12-31T10:09:25.9865397Z   CLOUDFLARE_PAGES_VIEWER_TERRAFORM_DIR: dculus-forms/infrastructure/multi-cloud/terraform/cloudflare-pages-viewer
2025-12-31T10:09:25.9866530Z   AZURE_TERRAFORM_DIR: dculus-forms/infrastructure/multi-cloud/terraform/azure
2025-12-31T10:09:25.9867435Z   MONGODB_TERRAFORM_DIR: dculus-forms/infrastructure/multi-cloud/terraform/mongodb
2025-12-31T10:09:25.9868428Z   POSTGRES_TERRAFORM_DIR: dculus-forms/infrastructure/multi-cloud/terraform/azure-postgres
2025-12-31T10:09:25.9869259Z   RELEASE_TAG: v1.2.67
2025-12-31T10:09:25.9870022Z   RELEASE_COMMIT: d83a910f6328d2d58eef994a3aa7e971b32e60b9
2025-12-31T10:09:25.9870661Z   PNPM_HOME: /home/runner/setup-pnpm/node_modules/.bin
2025-12-31T10:09:25.9871411Z   CLOUDFLARE_API_TOKEN: ***
2025-12-31T10:09:25.9871951Z   CLOUDFLARE_ZONE_ID: ***
2025-12-31T10:09:25.9872353Z ##[endgroup]
2025-12-31T10:09:25.9941207Z 🔄 Purging Cloudflare cache for immediate visibility...
2025-12-31T10:09:26.1930621Z ⚠️ Cache purge may have failed, but deployment was successful
2025-12-31T10:09:26.1931626Z Response: {"success":false,"errors":[{"code":10000,"message":"Authentication error"}]}
2025-12-31T10:09:26.1954776Z ##[group]Run CUSTOM_DOMAIN="https://viewer-app-production.dculus.com"
2025-12-31T10:09:26.1955294Z [36;1mCUSTOM_DOMAIN="https://viewer-app-production.dculus.com"[0m
2025-12-31T10:09:26.1955682Z [36;1mecho "🔍 Checking deployment at: $CUSTOM_DOMAIN"[0m
2025-12-31T10:09:26.1955966Z [36;1m[0m
2025-12-31T10:09:26.1956206Z [36;1m# Wait for DNS propagation and deployment[0m
2025-12-31T10:09:26.1956553Z [36;1mecho "⏳ Waiting 60 seconds for DNS propagation..."[0m
2025-12-31T10:09:26.1956858Z [36;1msleep 60[0m
2025-12-31T10:09:26.1957036Z [36;1m[0m
2025-12-31T10:09:26.1957233Z [36;1m# Retry health check up to 5 times[0m
2025-12-31T10:09:26.1957489Z [36;1mMAX_RETRIES=5[0m
2025-12-31T10:09:26.1957684Z [36;1mRETRY_COUNT=0[0m
2025-12-31T10:09:26.1957872Z [36;1m[0m
2025-12-31T10:09:26.1958084Z [36;1mwhile [ $RETRY_COUNT -lt $MAX_RETRIES ]; do[0m
2025-12-31T10:09:26.1958531Z [36;1m  HTTP_CODE=$(curl -s -o /dev/null -w "%{http_code}" -L "$CUSTOM_DOMAIN" || echo "000")[0m
2025-12-31T10:09:26.1958888Z [36;1m[0m
2025-12-31T10:09:26.1959071Z [36;1m  if [ "$HTTP_CODE" = "200" ]; then[0m
2025-12-31T10:09:26.1959365Z [36;1m    echo "✅ Health check passed! (HTTP $HTTP_CODE)"[0m
2025-12-31T10:09:26.1959915Z [36;1m    echo "🌐 form-viewer is live at: $CUSTOM_DOMAIN"[0m
2025-12-31T10:09:26.1960188Z [36;1m    exit 0[0m
2025-12-31T10:09:26.1960378Z [36;1m  else[0m
2025-12-31T10:09:26.1960579Z [36;1m    RETRY_COUNT=$((RETRY_COUNT + 1))[0m
2025-12-31T10:09:26.1960964Z [36;1m    echo "⚠️ Health check attempt $RETRY_COUNT/$MAX_RETRIES failed (HTTP $HTTP_CODE)"[0m
2025-12-31T10:09:26.1961318Z [36;1m[0m
2025-12-31T10:09:26.1961520Z [36;1m    if [ $RETRY_COUNT -lt $MAX_RETRIES ]; then[0m
2025-12-31T10:09:26.1961827Z [36;1m      echo "⏳ Waiting 30 seconds before retry..."[0m
2025-12-31T10:09:26.1962129Z [36;1m      sleep 30[0m
2025-12-31T10:09:26.1962329Z [36;1m    fi[0m
2025-12-31T10:09:26.1962499Z [36;1m  fi[0m
2025-12-31T10:09:26.1962667Z [36;1mdone[0m
2025-12-31T10:09:26.1962833Z [36;1m[0m
2025-12-31T10:09:26.1963075Z [36;1mecho "❌ Health check failed after $MAX_RETRIES attempts"[0m
2025-12-31T10:09:26.1963837Z [36;1mecho "💡 Check Cloudflare Pages dashboard: https://dash.cloudflare.com/***/pages/view/viewer-app-production"[0m
2025-12-31T10:09:26.1964323Z [36;1mexit 1[0m
2025-12-31T10:09:26.1995910Z shell: /usr/bin/bash -e {0}
2025-12-31T10:09:26.1996131Z env:
2025-12-31T10:09:26.1996314Z   TERRAFORM_VERSION: 1.6.0
2025-12-31T10:09:26.1996694Z   CLOUDFLARE_TERRAFORM_DIR: dculus-forms/infrastructure/multi-cloud/terraform/cloudflare
2025-12-31T10:09:26.1997341Z   CLOUDFLARE_SERVICE_TERRAFORM_DIR: dculus-forms/infrastructure/multi-cloud/terraform/cloudflare-service-domain
2025-12-31T10:09:26.1998030Z   CLOUDFLARE_PAGES_TERRAFORM_DIR: dculus-forms/infrastructure/multi-cloud/terraform/cloudflare-pages
2025-12-31T10:09:26.1998866Z   CLOUDFLARE_PAGES_ADMIN_TERRAFORM_DIR: dculus-forms/infrastructure/multi-cloud/terraform/cloudflare-pages-admin
2025-12-31T10:09:26.1999872Z   CLOUDFLARE_PAGES_VIEWER_TERRAFORM_DIR: dculus-forms/infrastructure/multi-cloud/terraform/cloudflare-pages-viewer
2025-12-31T10:09:26.2000489Z   AZURE_TERRAFORM_DIR: dculus-forms/infrastructure/multi-cloud/terraform/azure
2025-12-31T10:09:26.2000966Z   MONGODB_TERRAFORM_DIR: dculus-forms/infrastructure/multi-cloud/terraform/mongodb
2025-12-31T10:09:26.2001482Z   POSTGRES_TERRAFORM_DIR: dculus-forms/infrastructure/multi-cloud/terraform/azure-postgres
2025-12-31T10:09:26.2001886Z   RELEASE_TAG: v1.2.67
2025-12-31T10:09:26.2002149Z   RELEASE_COMMIT: d83a910f6328d2d58eef994a3aa7e971b32e60b9
2025-12-31T10:09:26.2002483Z   PNPM_HOME: /home/runner/setup-pnpm/node_modules/.bin
2025-12-31T10:09:26.2002759Z ##[endgroup]
2025-12-31T10:09:26.2051738Z 🔍 Checking deployment at: https://viewer-app-production.dculus.com
2025-12-31T10:09:26.2052353Z ⏳ Waiting 60 seconds for DNS propagation...
2025-12-31T10:10:26.2415429Z ⚠️ Health check attempt 1/5 failed (HTTP 000000)
2025-12-31T10:10:26.2416612Z ⏳ Waiting 30 seconds before retry...
2025-12-31T10:10:56.3305337Z ⚠️ Health check attempt 2/5 failed (HTTP 000000)
2025-12-31T10:10:56.3305852Z ⏳ Waiting 30 seconds before retry...
2025-12-31T10:11:26.3604631Z ⚠️ Health check attempt 3/5 failed (HTTP 000000)
2025-12-31T10:11:26.3605118Z ⏳ Waiting 30 seconds before retry...
2025-12-31T10:11:56.4590201Z ⚠️ Health check attempt 4/5 failed (HTTP 000000)
2025-12-31T10:11:56.4590654Z ⏳ Waiting 30 seconds before retry...
2025-12-31T10:12:26.4968466Z ⚠️ Health check attempt 5/5 failed (HTTP 000000)
2025-12-31T10:12:26.4968977Z ❌ Health check failed after 5 attempts
2025-12-31T10:12:26.4970595Z 💡 Check Cloudflare Pages dashboard: https://dash.cloudflare.com/***/pages/view/viewer-app-production
2025-12-31T10:12:26.4983717Z ##[error]Process completed with exit code 1.
2025-12-31T10:12:26.5045867Z Post job cleanup.
2025-12-31T10:12:26.5922722Z Pruning is unnecessary.
2025-12-31T10:12:26.6037713Z Post job cleanup.
2025-12-31T10:12:26.6971163Z [command]/usr/bin/git version
2025-12-31T10:12:26.7007040Z git version 2.52.0
2025-12-31T10:12:26.7048768Z Temporarily overriding HOME='/home/runner/work/_temp/c6ff9d89-1b7a-472c-8c64-8a1d55945c6e' before making global git config changes
2025-12-31T10:12:26.7050130Z Adding repository directory to the temporary git global config as a safe directory
2025-12-31T10:12:26.7054598Z [command]/usr/bin/git config --global --add safe.directory /home/runner/work/dculus-forms/dculus-forms/source
2025-12-31T10:12:26.7089741Z [command]/usr/bin/git config --local --name-only --get-regexp core\.sshCommand
2025-12-31T10:12:26.7122405Z [command]/usr/bin/git submodule foreach --recursive sh -c "git config --local --name-only --get-regexp 'core\.sshCommand' && git config --local --unset-all 'core.sshCommand' || :"
2025-12-31T10:12:26.7352558Z [command]/usr/bin/git config --local --name-only --get-regexp http\.https\:\/\/github\.com\/\.extraheader
2025-12-31T10:12:26.7374497Z http.https://github.com/.extraheader
2025-12-31T10:12:26.7392385Z [command]/usr/bin/git config --local --unset-all http.https://github.com/.extraheader
2025-12-31T10:12:26.7423976Z [command]/usr/bin/git submodule foreach --recursive sh -c "git config --local --name-only --get-regexp 'http\.https\:\/\/github\.com\/\.extraheader' && git config --local --unset-all 'http.https://github.com/.extraheader' || :"
2025-12-31T10:12:26.7643485Z [command]/usr/bin/git config --local --name-only --get-regexp ^includeIf\.gitdir:
2025-12-31T10:12:26.7674915Z [command]/usr/bin/git submodule foreach --recursive git config --local --show-origin --name-only --get-regexp remote.origin.url
2025-12-31T10:12:26.8005265Z Cleaning up orphan processes
